---
source: tests/integration_test.rs
expression: parsed
---
{
  "hookSpecificOutput": {
    "hookEventName": "PreToolUse",
    "permissionDecision": "allow",
    "permissionDecisionReason": "RTK auto-rewrite",
    "updatedInput": {
      "command": "rtk ls"
    }
  },
  "reason": "RTK auto-rewrite"
}
